[
    "Lorem",
    "dolor",
    "elit.",
    "vulputate.",
    "lorem",
    "vestibulum."
]
