[
    "Lorem",
    "ipsum",
    "dolor",
    "sit",
    "amet,",
    "consectetur",
    "adipiscing",
    "elit.",
    "Etiam",
    "accumsan",
    "tempor",
    "vulputate.",
    "Morbi",
    "id",
    "turpis",
    "a",
    "lorem",
    "imperdiet",
    "vestibulum.",
    "Suspendisse."
]
